Archive member included because of file (symbol)

../../Compiler/SGL_302j/lib_coff/LIBSGL.A(sglIc0.o)
                              main.o (slInitSystem)
../../Compiler/SGL_302j/lib_coff/LIBSGL.A(sglF00.o)
                              main.o (slLocate)
../../Compiler/SGL_302j/lib_coff/LIBSGL.A(sglF05.o)
                              main.o (slPrint)
../../Compiler/SGL_302j/lib_coff/LIBSGL.A(sglA21.o)
                              main.o (slPushMatrix)
../../Compiler/SGL_302j/lib_coff/LIBSGL.A(sglA27.o)
                              main.o (slTranslate)
../../Compiler/SGL_302j/lib_coff/LIBSGL.A(sglA19.o)
                              main.o (slRotX)
../../Compiler/SGL_302j/lib_coff/LIBSGL.A(sglA18.o)
                              main.o (slRotY)
../../Compiler/SGL_302j/lib_coff/LIBSGL.A(sglA17.o)
                              main.o (slRotZ)
../../Compiler/SGL_302j/lib_coff/LIBSGL.A(sglC08.o)
                              main.o (slPutPolygon)
../../Compiler/SGL_302j/lib_coff/LIBSGL.A(sglI01.o)
                              ../../Compiler/SGL_302j/lib_coff/LIBSGL.A(sglIc0.o) (slInitSynch)
../../Compiler/SGL_302j/lib_coff/LIBSGL.A(sglA00.o)
                              ../../Compiler/SGL_302j/lib_coff/LIBSGL.A(sglIc0.o) (_builtin_set_imask)
../../Compiler/SGL_302j/lib_coff/LIBSGL.A(sglK01.o)
                              ../../Compiler/SGL_302j/lib_coff/LIBSGL.A(sglIc0.o) (SynchCount)
../../Compiler/SGL_302j/lib_coff/LIBSGL.A(sglH00.o)
                              ../../Compiler/SGL_302j/lib_coff/LIBSGL.A(sglIc0.o) (slInitPeripheral)
../../Compiler/SGL_302j/lib_coff/LIBSGL.A(sglJ00.o)
                              ../../Compiler/SGL_302j/lib_coff/LIBSGL.A(sglIc0.o) (InitSlaveSH)
../../Compiler/SGL_302j/lib_coff/LIBSGL.A(sglA20.o)
                              ../../Compiler/SGL_302j/lib_coff/LIBSGL.A(sglIc0.o) (slInitMatrix)
../../Compiler/SGL_302j/lib_coff/LIBSGL.A(sglB000.o)
                              ../../Compiler/SGL_302j/lib_coff/LIBSGL.A(sglIc0.o) (slInitScroll)
../../Compiler/SGL_302j/lib_coff/LIBSGL.A(sglJ01.o)
                              ../../Compiler/SGL_302j/lib_coff/LIBSGL.A(sglIc0.o) (SlaveControl)
../../Compiler/SGL_302j/lib_coff/LIBSGL.A(sglI00.o)
                              ../../Compiler/SGL_302j/lib_coff/LIBSGL.A(sglIc0.o) (slInitInterrupt)
../../Compiler/SGL_302j/lib_coff/LIBSGL.A(sglC00.o)
                              ../../Compiler/SGL_302j/lib_coff/LIBSGL.A(sglIc0.o) (slInitSprite)
../../Compiler/SGL_302j/lib_coff/LIBSGL.A(sglA01.o)
                              ../../Compiler/SGL_302j/lib_coff/LIBSGL.A(sglA19.o) (GetSinCos)
../../Compiler/SGL_302j/lib_coff/LIBSGL.A(sglJ02.o)
                              ../../Compiler/SGL_302j/lib_coff/LIBSGL.A(sglJ01.o) (sbMakePolygon)
../../Compiler/SGL_302j/lib_coff/LIBSGL.A(sglM01.o)
                              ../../Compiler/SGL_302j/lib_coff/LIBSGL.A(sglC08.o) (DepthWorkArea)
../../Compiler/SGL_302j/lib_coff/LIBSGL.A(sglH02.o)
                              ../../Compiler/SGL_302j/lib_coff/LIBSGL.A(sglH00.o) (smpc_pfr_tbl)
../../Compiler/SGL_302j/lib_coff/LIBSGL.A(sglH04.o)
                              ../../Compiler/SGL_302j/lib_coff/LIBSGL.A(sglH00.o) (slComPrmIntBack)
../../Compiler/SGL_302j/lib_coff/LIBSGL.A(sglJ03.o)
                              ../../Compiler/SGL_302j/lib_coff/LIBSGL.A(sglJ01.o) (sbMakeDMATable)
../../Compiler/SGL_302j/lib_coff/LIBSGL.A(sglJ04.o)
                              ../../Compiler/SGL_302j/lib_coff/LIBSGL.A(sglJ01.o) (sbMakeSprite)
../../Compiler/SGL_302j/lib_coff/LIBSGL.A(sglJ05.o)
                              ../../Compiler/SGL_302j/lib_coff/LIBSGL.A(sglJ01.o) (sbSortEntry)
../../Compiler/SGL_302j/lib_coff/LIBSGL.A(sglH03.o)
                              ../../Compiler/SGL_302j/lib_coff/LIBSGL.A(sglI00.o) (slSmpcIntBack)
c:/videogames/saturn/sega-saturn-sgl-tutorial/compiler/sh_coff/sh-coff/bin/../lib/gcc/sh-coff/4.0-GNUSH_v0601\libgcc.a(__main.o)
                              main.o (__main)
c:/videogames/saturn/sega-saturn-sgl-tutorial/compiler/sh_coff/sh-coff/bin/../lib/gcc/sh-coff/4.0-GNUSH_v0601/../../../../sh-coff/lib\libc.a(atexit.o)
                              c:/videogames/saturn/sega-saturn-sgl-tutorial/compiler/sh_coff/sh-coff/bin/../lib/gcc/sh-coff/4.0-GNUSH_v0601\libgcc.a(__main.o) (atexit)
c:/videogames/saturn/sega-saturn-sgl-tutorial/compiler/sh_coff/sh-coff/bin/../lib/gcc/sh-coff/4.0-GNUSH_v0601/../../../../sh-coff/lib\libc.a(impure.o)
                              c:/videogames/saturn/sega-saturn-sgl-tutorial/compiler/sh_coff/sh-coff/bin/../lib/gcc/sh-coff/4.0-GNUSH_v0601/../../../../sh-coff/lib\libc.a(atexit.o) (_impure_ptr)
c:/videogames/saturn/sega-saturn-sgl-tutorial/compiler/sh_coff/sh-coff/bin/../lib/gcc/sh-coff/4.0-GNUSH_v0601/../../../../sh-coff/lib\libc.a(malloc.o)
                              c:/videogames/saturn/sega-saturn-sgl-tutorial/compiler/sh_coff/sh-coff/bin/../lib/gcc/sh-coff/4.0-GNUSH_v0601/../../../../sh-coff/lib\libc.a(atexit.o) (malloc)
c:/videogames/saturn/sega-saturn-sgl-tutorial/compiler/sh_coff/sh-coff/bin/../lib/gcc/sh-coff/4.0-GNUSH_v0601/../../../../sh-coff/lib\libc.a(mallocr.o)
                              c:/videogames/saturn/sega-saturn-sgl-tutorial/compiler/sh_coff/sh-coff/bin/../lib/gcc/sh-coff/4.0-GNUSH_v0601/../../../../sh-coff/lib\libc.a(malloc.o) (_malloc_r)
c:/videogames/saturn/sega-saturn-sgl-tutorial/compiler/sh_coff/sh-coff/bin/../lib/gcc/sh-coff/4.0-GNUSH_v0601/../../../../sh-coff/lib\libc.a(freer.o)
                              c:/videogames/saturn/sega-saturn-sgl-tutorial/compiler/sh_coff/sh-coff/bin/../lib/gcc/sh-coff/4.0-GNUSH_v0601/../../../../sh-coff/lib\libc.a(malloc.o) (_free_r)
c:/videogames/saturn/sega-saturn-sgl-tutorial/compiler/sh_coff/sh-coff/bin/../lib/gcc/sh-coff/4.0-GNUSH_v0601/../../../../sh-coff/lib\libc.a(mlock.o)
                              c:/videogames/saturn/sega-saturn-sgl-tutorial/compiler/sh_coff/sh-coff/bin/../lib/gcc/sh-coff/4.0-GNUSH_v0601/../../../../sh-coff/lib\libc.a(mallocr.o) (__malloc_lock)
c:/videogames/saturn/sega-saturn-sgl-tutorial/compiler/sh_coff/sh-coff/bin/../lib/gcc/sh-coff/4.0-GNUSH_v0601/../../../../sh-coff/lib\libc.a(sbrkr.o)
                              c:/videogames/saturn/sega-saturn-sgl-tutorial/compiler/sh_coff/sh-coff/bin/../lib/gcc/sh-coff/4.0-GNUSH_v0601/../../../../sh-coff/lib\libc.a(mallocr.o) (_sbrk_r)
c:/videogames/saturn/sega-saturn-sgl-tutorial/compiler/sh_coff/sh-coff/bin/../lib/gcc/sh-coff/4.0-GNUSH_v0601/../../../../sh-coff/lib\libc.a(syscalls.o)
                              c:/videogames/saturn/sega-saturn-sgl-tutorial/compiler/sh_coff/sh-coff/bin/../lib/gcc/sh-coff/4.0-GNUSH_v0601/../../../../sh-coff/lib\libc.a(sbrkr.o) (_sbrk)
c:/videogames/saturn/sega-saturn-sgl-tutorial/compiler/sh_coff/sh-coff/bin/../lib/gcc/sh-coff/4.0-GNUSH_v0601/../../../../sh-coff/lib\libc.a(trap.o)
                              c:/videogames/saturn/sega-saturn-sgl-tutorial/compiler/sh_coff/sh-coff/bin/../lib/gcc/sh-coff/4.0-GNUSH_v0601/../../../../sh-coff/lib\libc.a(syscalls.o) (__trap34)
c:/videogames/saturn/sega-saturn-sgl-tutorial/compiler/sh_coff/sh-coff/bin/../lib/gcc/sh-coff/4.0-GNUSH_v0601/../../../../sh-coff/lib\libc.a(abort.o)
                              c:/videogames/saturn/sega-saturn-sgl-tutorial/compiler/sh_coff/sh-coff/bin/../lib/gcc/sh-coff/4.0-GNUSH_v0601/../../../../sh-coff/lib\libc.a(syscalls.o) (abort)
c:/videogames/saturn/sega-saturn-sgl-tutorial/compiler/sh_coff/sh-coff/bin/../lib/gcc/sh-coff/4.0-GNUSH_v0601/../../../../sh-coff/lib\libc.a(signal.o)
                              c:/videogames/saturn/sega-saturn-sgl-tutorial/compiler/sh_coff/sh-coff/bin/../lib/gcc/sh-coff/4.0-GNUSH_v0601/../../../../sh-coff/lib\libc.a(abort.o) (raise)
c:/videogames/saturn/sega-saturn-sgl-tutorial/compiler/sh_coff/sh-coff/bin/../lib/gcc/sh-coff/4.0-GNUSH_v0601/../../../../sh-coff/lib\libc.a(signalr.o)
                              c:/videogames/saturn/sega-saturn-sgl-tutorial/compiler/sh_coff/sh-coff/bin/../lib/gcc/sh-coff/4.0-GNUSH_v0601/../../../../sh-coff/lib\libc.a(signal.o) (_kill_r)
c:/videogames/saturn/sega-saturn-sgl-tutorial/compiler/sh_coff/sh-coff/bin/../lib/gcc/sh-coff/4.0-GNUSH_v0601\libgcc.a(_ashiftlt.o)
                              c:/videogames/saturn/sega-saturn-sgl-tutorial/compiler/sh_coff/sh-coff/bin/../lib/gcc/sh-coff/4.0-GNUSH_v0601/../../../../sh-coff/lib\libc.a(mallocr.o) (__ashlsi3)

Allocating common symbols
Common symbol       size              file

HWRAM_DYNAMIC_MEM   0x4b000           ZTE/workarea.o
RemainEvent         0x4               ZTE/workarea.o
DYNAMIC_RAM         0x20000           ZTE/workarea.o
RemainWork          0x4               ZTE/workarea.o
WorkBuf             0x40              ZTE/workarea.o
errno               0x4               c:/videogames/saturn/sega-saturn-sgl-tutorial/compiler/sh_coff/sh-coff/bin/../lib/gcc/sh-coff/4.0-GNUSH_v0601/../../../../sh-coff/lib\libc.a(syscalls.o)
EventBuf            0x80              ZTE/workarea.o

Memory Configuration

Name             Origin             Length             Attributes
*default*        0x00000000         0xffffffff

Linker script and memory map

TARGET(coff-sh)

SLSTART         0x06004000       0x30
                0x06004000                ___Start = .
 *(SLSTART)
 SLSTART        0x06004000       0x28 ../../Compiler/SGL_302j/lib_coff/LIBSGL.A(sglI00.o)
                0x06004002                slStartSGL
                0x06004000                SGL_Start

.text           0x06004040     0x1460
 *(.text)
 .text          0x06004040       0x20 main.o
 .text          0x06004060      0x128 ../../Compiler/SGL_302j/lib_coff/LIBSGL.A(sglIc0.o)
                0x06004060                slInitSystem
 *fill*         0x06004188        0x8 00
 .text          0x06004190       0xa0 c:/videogames/saturn/sega-saturn-sgl-tutorial/compiler/sh_coff/sh-coff/bin/../lib/gcc/sh-coff/4.0-GNUSH_v0601\libgcc.a(__main.o)
                0x06004204                __main
                0x06004190                __do_global_dtors
                0x060041c4                __do_global_ctors
 .text          0x06004230       0x90 c:/videogames/saturn/sega-saturn-sgl-tutorial/compiler/sh_coff/sh-coff/bin/../lib/gcc/sh-coff/4.0-GNUSH_v0601/../../../../sh-coff/lib\libc.a(atexit.o)
                0x06004230                atexit
 .text          0x060042c0       0x10 c:/videogames/saturn/sega-saturn-sgl-tutorial/compiler/sh_coff/sh-coff/bin/../lib/gcc/sh-coff/4.0-GNUSH_v0601/../../../../sh-coff/lib\libc.a(impure.o)
                0x060042c0                _global_impure_ptr
 .text          0x060042d0       0x40 c:/videogames/saturn/sega-saturn-sgl-tutorial/compiler/sh_coff/sh-coff/bin/../lib/gcc/sh-coff/4.0-GNUSH_v0601/../../../../sh-coff/lib\libc.a(malloc.o)
                0x060042ec                free
                0x060042d0                malloc
 .text          0x06004310      0x6a0 c:/videogames/saturn/sega-saturn-sgl-tutorial/compiler/sh_coff/sh-coff/bin/../lib/gcc/sh-coff/4.0-GNUSH_v0601/../../../../sh-coff/lib\libc.a(mallocr.o)
                0x06004310                _malloc_r
 .text          0x060049b0      0x360 c:/videogames/saturn/sega-saturn-sgl-tutorial/compiler/sh_coff/sh-coff/bin/../lib/gcc/sh-coff/4.0-GNUSH_v0601/../../../../sh-coff/lib\libc.a(freer.o)
                0x060049b0                _malloc_trim_r
                0x06004a98                _free_r
 .text          0x06004d10       0x20 c:/videogames/saturn/sega-saturn-sgl-tutorial/compiler/sh_coff/sh-coff/bin/../lib/gcc/sh-coff/4.0-GNUSH_v0601/../../../../sh-coff/lib\libc.a(mlock.o)
                0x06004d10                __malloc_lock
                0x06004d1c                __malloc_unlock
 .text          0x06004d30       0x50 c:/videogames/saturn/sega-saturn-sgl-tutorial/compiler/sh_coff/sh-coff/bin/../lib/gcc/sh-coff/4.0-GNUSH_v0601/../../../../sh-coff/lib\libc.a(sbrkr.o)
                0x06004d30                _sbrk_r
 .text          0x06004d80      0x390 c:/videogames/saturn/sega-saturn-sgl-tutorial/compiler/sh_coff/sh-coff/bin/../lib/gcc/sh-coff/4.0-GNUSH_v0601/../../../../sh-coff/lib\libc.a(syscalls.o)
                0x06004ef0                _exit
                0x06004f24                _getpid
                0x06004f8c                _utime
                0x06004db8                _write
                0x06004d80                _read
                0x06004ed8                _unlink
                0x06004ea0                _open
                0x06004f3c                _stat
                0x06004ee4                isatty
                0x06004fbc                _wait
                0x06004f08                _kill
                0x06004f58                _chmod
                0x06004fec                _execv
                0x06004fd0                _execve
                0x060050cc                __setup_argv_and_call_main
                0x06005024                _gettimeofday
                0x06004dec                _link
                0x06004f30                _raise
                0x06004ebc                _creat
                0x06005004                _pipe
                0x06004f70                _chown
                0x06004d9c                _lseek
                0x06004dd4                _close
                0x06005018                _times
                0x06004e8c                _fstat
                0x06004fa8                _fork
                0x06004e14                _sbrk
 .text          0x06005110       0x20 c:/videogames/saturn/sega-saturn-sgl-tutorial/compiler/sh_coff/sh-coff/bin/../lib/gcc/sh-coff/4.0-GNUSH_v0601/../../../../sh-coff/lib\libc.a(trap.o)
                0x06005110                __trap34
 .text          0x06005130       0x20 c:/videogames/saturn/sega-saturn-sgl-tutorial/compiler/sh_coff/sh-coff/bin/../lib/gcc/sh-coff/4.0-GNUSH_v0601/../../../../sh-coff/lib\libc.a(abort.o)
                0x06005130                abort
 .text          0x06005150      0x260 c:/videogames/saturn/sega-saturn-sgl-tutorial/compiler/sh_coff/sh-coff/bin/../lib/gcc/sh-coff/4.0-GNUSH_v0601/../../../../sh-coff/lib\libc.a(signal.o)
                0x0600520c                _raise_r
                0x06005390                __sigtramp
                0x0600533c                raise
                0x06005378                _init_signal
                0x060052c8                __sigtramp_r
                0x06005358                signal
                0x0600519c                _signal_r
                0x06005150                _init_signal_r
 .text          0x060053b0       0x60 c:/videogames/saturn/sega-saturn-sgl-tutorial/compiler/sh_coff/sh-coff/bin/../lib/gcc/sh-coff/4.0-GNUSH_v0601/../../../../sh-coff/lib\libc.a(signalr.o)
                0x060053f8                _getpid_r
                0x060053b0                _kill_r
 .text          0x06005410       0x90 c:/videogames/saturn/sega-saturn-sgl-tutorial/compiler/sh_coff/sh-coff/bin/../lib/gcc/sh-coff/4.0-GNUSH_v0601\libgcc.a(_ashiftlt.o)
                0x06005410                __ashlsi3
 *(.strings)
                0x060054a0                __etext = .

.rodata
 *(.rodata)

SLPROG          0x060054a0     0xa540
                0x060054a0                __slprog_start = .
 *(SLPROG)
 SLPROG         0x060054a0       0x4e ../../Compiler/SGL_302j/lib_coff/LIBSGL.A(sglF00.o)
                0x060054ba                slLocate
                0x060054b0                slCurColor
                0x060054ec                CurrentScreen
                0x060054a0                slCurScrn
 *fill*         0x060054ee        0x2 00
 SLPROG         0x060054f0       0x1c ../../Compiler/SGL_302j/lib_coff/LIBSGL.A(sglF05.o)
                0x060054f0                slPrint
 *fill*         0x0600550c        0x4 00
 SLPROG         0x06005510       0x48 ../../Compiler/SGL_302j/lib_coff/LIBSGL.A(sglA21.o)
                0x06005544                slPopMatrix
                0x06005510                slPushMatrix
                0x06005544                slDecMatrixPtr
 *fill*         0x06005558        0x8 00
 SLPROG         0x06005560       0x50 ../../Compiler/SGL_302j/lib_coff/LIBSGL.A(sglA27.o)
                0x06005560                slTranslate
 SLPROG         0x060055b0       0x78 ../../Compiler/SGL_302j/lib_coff/LIBSGL.A(sglA19.o)
                0x060055b0                slRotX
                0x060055ba                slRotXSC
 *fill*         0x06005628        0x8 00
 SLPROG         0x06005630       0x78 ../../Compiler/SGL_302j/lib_coff/LIBSGL.A(sglA18.o)
                0x0600563a                slRotYSC
                0x06005630                slRotY
 *fill*         0x060056a8        0x8 00
 SLPROG         0x060056b0       0x78 ../../Compiler/SGL_302j/lib_coff/LIBSGL.A(sglA17.o)
                0x060056ba                slRotZSC
                0x060056b0                slRotZ
 *fill*         0x06005728        0x8 00
 SLPROG         0x06005730     0x1218 ../../Compiler/SGL_302j/lib_coff/LIBSGL.A(sglC08.o)
                0x06005730                slPutPolygon
                0x060063ac                MsCalcDepthFlat
 *fill*         0x06006948        0x8 00
 SLPROG         0x06006950      0x3a4 ../../Compiler/SGL_302j/lib_coff/LIBSGL.A(sglI01.o)
                0x06006b3a                RetPCMBuf
                0x06006c74                Sound_Buf
                0x06006950                slInitSynch
                0x06006a60                slRandom
                0x06006bd4                PCM_Buf
                0x0600696a                slSynch
                0x06006a7e                PCM_EndCheck
 *fill*         0x06006cf4        0xc 00
 SLPROG         0x06006d00       0x20 ../../Compiler/SGL_302j/lib_coff/LIBSGL.A(sglA00.o)
                0x06006d14                get_imask
                0x06006d00                set_imask
                0x06006d00                _builtin_set_imask
                0x06006d14                _builtin_get_imask
 SLPROG         0x06006d20      0xfc8 ../../Compiler/SGL_302j/lib_coff/LIBSGL.A(sglH00.o)
                0x06006dbc                slSetPortData1
                0x06006dac                slGetPortData1
                0x0600759a                slSetPortMode1
                0x060077d4                Smpc_Status
                0x06006d72                slSetPortDir2
                0x060073b8                slSmpcCashSend
                0x06006dd8                slGetPortSelect1
                0x060071be                slIntBackCancel
                0x06006e70                slSetPortExt1
                0x06007580                slGetPortMode1
                0x06007474                slSmpcCashBlow
                0x06007764                slRequestCommand
                0x06007804                SmpcStatusBuf
                0x06006dc6                slSetPortData2
                0x06007126                slSetResultBuffer
                0x06006e5c                slGetPortExt1
                0x06006ea0                slSetPortExt2
                0x06006d40                slGetPortDir2
                0x06006e66                slGetPortExt2
                0x060071f2                slClearReset
                0x060071e8                slCheckReset
                0x06006d48                slSetPortDir1
                0x06006e20                slSetPortSelect2
                0x06006dec                slSetPortSelect1
                0x0600758c                slGetPortMode2
                0x06006de2                slGetPortSelect2
                0x06006d38                slGetPortDir1
                0x06006db4                slGetPortData2
                0x0600755a                slSetOptimize
                0x06007550                slGetOptimize
                0x06007014                slSmpcDirectAccess
                0x060077e2                Per_Connect1
                0x06007094                slInitPeripheral
                0x060071b2                slCheckIntBackSet
                0x060077e3                Per_Connect2
                0x060077dc                Smpc_Peripheral
                0x060075d8                slSetPortMode2
                0x060077d8                Smpc_Result
 *fill*         0x06007ce8        0x8 00
 SLPROG         0x06007cf0       0x74 ../../Compiler/SGL_302j/lib_coff/LIBSGL.A(sglJ00.o)
                0x06007cf0                InitSlaveSH
                0x06007d58                SlaveCommand
 *fill*         0x06007d64        0xc 00
 SLPROG         0x06007d70      0x42c ../../Compiler/SGL_302j/lib_coff/LIBSGL.A(sglA20.o)
                0x06007d70                slInitMatrix
                0x06007d8e                slUnitMatrix
                0x06007d7a                slPushUnitMatrix
 *fill*         0x0600819c        0x4 00
 SLPROG         0x060081a0      0xbd0 ../../Compiler/SGL_302j/lib_coff/LIBSGL.A(sglB000.o)
                0x060081a0                slInitScroll
                0x06008400                TVSizeTbl
                0x060082f0                setASC_4to8
                0x06008480                TVModeTbl
                0x060082c0                setASC_1to8
                0x06008658                SGL_ASCII_CG
 SLPROG         0x06008d70      0x3d0 ../../Compiler/SGL_302j/lib_coff/LIBSGL.A(sglJ01.o)
                0x06008d70                SlaveControl
                0x0600912c                ErasePolygonData
 SLPROG         0x06009140      0x75c ../../Compiler/SGL_302j/lib_coff/LIBSGL.A(sglI00.o)
                0x06009430                slInitInterrupt
 *fill*         0x0600989c        0x4 00
 SLPROG         0x060098a0      0x134 ../../Compiler/SGL_302j/lib_coff/LIBSGL.A(sglC00.o)
                0x060098a0                slInitSprite
 *fill*         0x060099d4        0xc 00
 SLPROG         0x060099e0     0x411e ../../Compiler/SGL_302j/lib_coff/LIBSGL.A(sglA01.o)
                0x06009abc                sin_cos_index_tbl
                0x060099e0                slSin
                0x06009afc                sin_tbl
                0x06009a28                GetSinCos
                0x06009a04                slCos
 *fill*         0x0600dafe        0x2 00
 SLPROG         0x0600db00     0x12b8 ../../Compiler/SGL_302j/lib_coff/LIBSGL.A(sglJ02.o)
                0x0600ed34                stvtc_1
                0x0600ea6c                stvtc_4
                0x0600ea2c                SetPolygon
                0x0600eb24                stvtc_3
                0x0600ed5c                stvtc_0
                0x0600ea34                SetPosition
                0x0600dce8                sbCalcPolygon
                0x0600ea20                SetTexture
                0x0600db00                sbMakePolygon
                0x0600ed48                stvtc_2
 *fill*         0x0600edb8        0x8 00
 SLPROG         0x0600edc0       0x6a ../../Compiler/SGL_302j/lib_coff/LIBSGL.A(sglM01.o)
                0x0600edec                slSetDepthTbl
                0x0600ee1c                DepthWorkArea
                0x0600edc0                slSetDepthLimit
 *fill*         0x0600ee2a        0x6 00
 SLPROG         0x0600ee30      0x470 ../../Compiler/SGL_302j/lib_coff/LIBSGL.A(sglH02.o)
                0x0600f220                smpc_pfr_tbl
                0x0600f260                smpc_ptf_tbl
 SLPROG         0x0600f2a0       0x60 ../../Compiler/SGL_302j/lib_coff/LIBSGL.A(sglH04.o)
                0x0600f2ca                slComPrmSetTime
                0x0600f2a0                slComPrmIntBack
                0x0600f2b4                slComPrmSetMemory
 SLPROG         0x0600f300      0x140 ../../Compiler/SGL_302j/lib_coff/LIBSGL.A(sglJ03.o)
                0x0600f300                sbMakeDMATable
 SLPROG         0x0600f440      0x470 ../../Compiler/SGL_302j/lib_coff/LIBSGL.A(sglJ04.o)
                0x0600f504                sbMakeRotSprite
                0x0600f49e                sbMakeSprite
 SLPROG         0x0600f8b0       0x3c ../../Compiler/SGL_302j/lib_coff/LIBSGL.A(sglJ05.o)
                0x0600f8b0                sbSortEntry
 *fill*         0x0600f8ec        0x4 00
 SLPROG         0x0600f8f0       0xf0 ../../Compiler/SGL_302j/lib_coff/LIBSGL.A(sglH03.o)
                0x0600f954                slSmpcIntBack
                0x0600f9e0                __slprog_end = .

.tors           0x0600f9e0        0x0
                0x0600f9e0                ___ctors = .
 *(.ctors)
                0x0600f9e0                ___ctors_end = .
                0x0600f9e0                ___dtors = .
 *(.dtors)
                0x0600f9e0                ___dtors_end = .

.data           0x0600f9e0      0x810
 *(.data)
 .data          0x0600f9e0       0x80 ../../Compiler/SGL_302j/lib_coff/LIBSGL.A(sglIc0.o)
                0x0600f9e0                IntPrioMask
 .data          0x0600fa60      0x380 c:/videogames/saturn/sega-saturn-sgl-tutorial/compiler/sh_coff/sh-coff/bin/../lib/gcc/sh-coff/4.0-GNUSH_v0601/../../../../sh-coff/lib\libc.a(impure.o)
                0x0600fddc                _impure_ptr
 .data          0x0600fde0      0x410 c:/videogames/saturn/sega-saturn-sgl-tutorial/compiler/sh_coff/sh-coff/bin/../lib/gcc/sh-coff/4.0-GNUSH_v0601/../../../../sh-coff/lib\libc.a(mallocr.o)
                0x0600fde8                __malloc_av_
                0x0600fde4                __malloc_trim_threshold
                0x0600fde0                __malloc_sbrk_base
                0x060101f0                __edata = .

.bss            0x060101f0    0x6b154
                0x060101f0                __bstart = .
 *(.bss)
 .bss           0x060101f0       0x10 c:/videogames/saturn/sega-saturn-sgl-tutorial/compiler/sh_coff/sh-coff/bin/../lib/gcc/sh-coff/4.0-GNUSH_v0601\libgcc.a(__main.o)
 .bss           0x06010200       0x10 c:/videogames/saturn/sega-saturn-sgl-tutorial/compiler/sh_coff/sh-coff/bin/../lib/gcc/sh-coff/4.0-GNUSH_v0601/../../../../sh-coff/lib\libc.a(atexit.o)
 .bss           0x06010210       0x40 c:/videogames/saturn/sega-saturn-sgl-tutorial/compiler/sh_coff/sh-coff/bin/../lib/gcc/sh-coff/4.0-GNUSH_v0601/../../../../sh-coff/lib\libc.a(mallocr.o)
                0x06010240                __malloc_top_pad
                0x06010210                __malloc_current_mallinfo
                0x0601023c                __malloc_max_sbrked_mem
                0x06010238                __malloc_max_total_mem
 .bss           0x06010250       0x10 c:/videogames/saturn/sega-saturn-sgl-tutorial/compiler/sh_coff/sh-coff/bin/../lib/gcc/sh-coff/4.0-GNUSH_v0601/../../../../sh-coff/lib\libc.a(syscalls.o)
 *(COMMON)
 COMMON         0x06010260    0x6b0e0 ZTE/workarea.o
                0x06010260                HWRAM_DYNAMIC_MEM
                0x0605b260                RemainEvent
                0x0605b270                DYNAMIC_RAM
                0x0607b270                RemainWork
                0x0607b280                WorkBuf
                0x0607b2c0                EventBuf
 COMMON         0x0607b340        0x4 c:/videogames/saturn/sega-saturn-sgl-tutorial/compiler/sh_coff/sh-coff/bin/../lib/gcc/sh-coff/4.0-GNUSH_v0601/../../../../sh-coff/lib\libc.a(syscalls.o)
                0x0607b340                errno
                0x0607b344                __bend = .
                0x0607b344                _end = .
LOAD ZTE/workarea.o
LOAD polygon.o
LOAD main.o
LOAD ../../Compiler/SGL_302j/lib_coff/SEGA_SYS.A
LOAD ../../Compiler/SGL_302j/lib_coff/LIBCD.A
LOAD ../../Compiler/SGL_302j/lib_coff/LIBSGL.A
LOAD ../../Compiler/SGL_302j/lib_coff/LIBSND.A
LOAD ../../Compiler/SGL_302j/lib_coff/LIBMEM.A
LOAD c:/videogames/saturn/sega-saturn-sgl-tutorial/compiler/sh_coff/sh-coff/bin/../lib/gcc/sh-coff/4.0-GNUSH_v0601\libgcc.a
LOAD c:/videogames/saturn/sega-saturn-sgl-tutorial/compiler/sh_coff/sh-coff/bin/../lib/gcc/sh-coff/4.0-GNUSH_v0601/../../../../sh-coff/lib\libc.a
LOAD c:/videogames/saturn/sega-saturn-sgl-tutorial/compiler/sh_coff/sh-coff/bin/../lib/gcc/sh-coff/4.0-GNUSH_v0601\libgcc.a
OUTPUT(sl_coff.coff coff-sh)

.data.Tr        0x0607b350       0x10
 .data.Tr       0x0607b350       0x10 ZTE/workarea.o
                0x0607b350                TransList

.rodata.        0x0607b360       0x20
 .rodata.       0x0607b360       0x20 ZTE/workarea.o
                0x0607b374                MaxPolygons
                0x0607b36c                MaxWorks
                0x0607b370                WorkSize
                0x0607b360                PCM_WkSize
                0x0607b376                MaxVertices
                0x0607b36e                MaxEvents
                0x0607b364                SpriteBufSize
                0x0607b372                EventSize
                0x0607b368                SortListSize

.data.PC        0x0607b380       0x10
 .data.PC       0x0607b380       0x10 ZTE/workarea.o
                0x0607b380                PCM_Work

.data.Co        0x0607b390       0x10
 .data.Co       0x0607b390       0x10 ZTE/workarea.o
                0x0607b390                CommandBuf

.data.CL        0x0607b3a0       0x10
 .data.CL       0x0607b3a0       0x10 ZTE/workarea.o
                0x0607b3a0                CLOfstBuf

.data.Pb        0x0607b3b0       0x10
 .data.Pb       0x0607b3b0       0x10 ZTE/workarea.o
                0x0607b3b0                Pbuffer

.data.Sp        0x0607b3c0       0x10
 .data.Sp       0x0607b3c0       0x10 ZTE/workarea.o
                0x0607b3c0                SpriteBuf

.data.Zb        0x0607b3d0       0x10
 .data.Zb       0x0607b3d0       0x10 ZTE/workarea.o
                0x0607b3d0                Zbuffer

.data.So        0x0607b3e0       0x10
 .data.So       0x0607b3e0       0x10 ZTE/workarea.o
                0x0607b3e0                SortList

.data.Sl        0x0607b3f0       0x10
 .data.Sl       0x0607b3f0       0x10 ZTE/workarea.o
                0x0607b3f0                SlaveStack

.data.Ma        0x0607b400       0x10
 .data.Ma       0x0607b400       0x10 ZTE/workarea.o
                0x0607b400                MasterStack

.data.PD        0x0607b410       0x20
 .data.PD       0x0607b410       0x20 polygon.o
                0x0607b410                PD_PLANE1

.data.at        0x0607b430       0x10
 .data.at       0x0607b430       0x10 polygon.o
                0x0607b430                attribute_PLANE1

.data.po        0x0607b440       0x50
 .data.po       0x0607b440       0x50 polygon.o
                0x0607b454                point_PLANE1
                0x0607b440                polygon_PLANE1

.bss.pos        0x0607b490       0x10
 .bss.pos       0x0607b490       0x10 main.o

.bss.ang        0x0607b4a0       0x10
 .bss.ang       0x0607b4a0       0x10 main.o

.text.ma        0x0607b4b0       0xd0
 .text.ma       0x0607b4b0       0xd0 main.o
                0x0607b4b0                main

.comment        0x0607b580      0x180
 .comment       0x0607b580       0x20 c:/videogames/saturn/sega-saturn-sgl-tutorial/compiler/sh_coff/sh-coff/bin/../lib/gcc/sh-coff/4.0-GNUSH_v0601\libgcc.a(__main.o)
 .comment       0x0607b5a0       0x20 c:/videogames/saturn/sega-saturn-sgl-tutorial/compiler/sh_coff/sh-coff/bin/../lib/gcc/sh-coff/4.0-GNUSH_v0601/../../../../sh-coff/lib\libc.a(atexit.o)
 .comment       0x0607b5c0       0x20 c:/videogames/saturn/sega-saturn-sgl-tutorial/compiler/sh_coff/sh-coff/bin/../lib/gcc/sh-coff/4.0-GNUSH_v0601/../../../../sh-coff/lib\libc.a(impure.o)
 .comment       0x0607b5e0       0x20 c:/videogames/saturn/sega-saturn-sgl-tutorial/compiler/sh_coff/sh-coff/bin/../lib/gcc/sh-coff/4.0-GNUSH_v0601/../../../../sh-coff/lib\libc.a(malloc.o)
 .comment       0x0607b600       0x20 c:/videogames/saturn/sega-saturn-sgl-tutorial/compiler/sh_coff/sh-coff/bin/../lib/gcc/sh-coff/4.0-GNUSH_v0601/../../../../sh-coff/lib\libc.a(mallocr.o)
 .comment       0x0607b620       0x20 c:/videogames/saturn/sega-saturn-sgl-tutorial/compiler/sh_coff/sh-coff/bin/../lib/gcc/sh-coff/4.0-GNUSH_v0601/../../../../sh-coff/lib\libc.a(freer.o)
 .comment       0x0607b640       0x20 c:/videogames/saturn/sega-saturn-sgl-tutorial/compiler/sh_coff/sh-coff/bin/../lib/gcc/sh-coff/4.0-GNUSH_v0601/../../../../sh-coff/lib\libc.a(mlock.o)
 .comment       0x0607b660       0x20 c:/videogames/saturn/sega-saturn-sgl-tutorial/compiler/sh_coff/sh-coff/bin/../lib/gcc/sh-coff/4.0-GNUSH_v0601/../../../../sh-coff/lib\libc.a(sbrkr.o)
 .comment       0x0607b680       0x20 c:/videogames/saturn/sega-saturn-sgl-tutorial/compiler/sh_coff/sh-coff/bin/../lib/gcc/sh-coff/4.0-GNUSH_v0601/../../../../sh-coff/lib\libc.a(syscalls.o)
 .comment       0x0607b6a0       0x20 c:/videogames/saturn/sega-saturn-sgl-tutorial/compiler/sh_coff/sh-coff/bin/../lib/gcc/sh-coff/4.0-GNUSH_v0601/../../../../sh-coff/lib\libc.a(abort.o)
 .comment       0x0607b6c0       0x20 c:/videogames/saturn/sega-saturn-sgl-tutorial/compiler/sh_coff/sh-coff/bin/../lib/gcc/sh-coff/4.0-GNUSH_v0601/../../../../sh-coff/lib\libc.a(signal.o)
 .comment       0x0607b6e0       0x20 c:/videogames/saturn/sega-saturn-sgl-tutorial/compiler/sh_coff/sh-coff/bin/../lib/gcc/sh-coff/4.0-GNUSH_v0601/../../../../sh-coff/lib\libc.a(signalr.o)
